<testsuites name="jest tests" tests="4" failures="1" time="1.791">
  <testsuite name="undefined" errors="0" failures="1" skipped="0" timestamp="2024-03-19T03:09:40" time="1.791" tests="4">
    <testcase classname=" Initial articles render correctly" name=" Initial articles render correctly" time="0.062">
      <failure>Error: expect(received).toEqual(expected) // deep equality

- Expected
+ Received

  Array [
-   &quot;Artificial Mountains&quot;,
-   &quot;200&quot;,
-   &quot;2019-11-23&quot;,
+   &quot;Alphabet earnings&quot;,
+   &quot;22&quot;,
+   &quot;2011-11-23&quot;,
  ]
    at forEach (/projects/challenge/src/App.test.js:89:36)
    at Array.forEach (&lt;anonymous&gt;)
    at expectArticles (/projects/challenge/src/App.test.js:84:12)
    at Object.&lt;anonymous&gt;.test (/projects/challenge/src/App.test.js:97:3)
    at Object.asyncJestTest (/projects/challenge/node_modules/jest-jasmine2/build/jasmineAsyncInstall.js:102:37)
    at resolve (/projects/challenge/node_modules/jest-jasmine2/build/queueRunner.js:43:12)
    at new Promise (&lt;anonymous&gt;)
    at mapper (/projects/challenge/node_modules/jest-jasmine2/build/queueRunner.js:26:19)
    at promise.then (/projects/challenge/node_modules/jest-jasmine2/build/queueRunner.js:73:41)
    at &lt;anonymous&gt;</failure>
    </testcase>
    <testcase classname=" Clicking on top renders expected articles" name=" Clicking on top renders expected articles" time="0.029">
    </testcase>
    <testcase classname=" Clicking on newest renders expected articles" name=" Clicking on newest renders expected articles" time="0.032">
    </testcase>
    <testcase classname=" Sequence of navigation clicks renders expected artices" name=" Sequence of navigation clicks renders expected artices" time="0.057">
    </testcase>
  </testsuite>
</testsuites>